// Jest Snapshot v1, https://goo.gl/fbAQLP

exports[`Footer should render with ShallowRenderer 1`] = `
<p>
  Show: 
   
  <FilterLink
    filter="all"
  >
    All
  </FilterLink>
   
  <FilterLink
    filter="completed"
  >
    Completed
  </FilterLink>
   
  <FilterLink
    filter="active"
  >
    Active
  </FilterLink>
  <h2>
    This is random number: 
    10
  </h2>
</p>
`;

exports[`Footer should render with shallow 1`] = `
<p>
  Show: 
   
  <FilterLink
    filter="all"
  >
    All
  </FilterLink>
   
  <FilterLink
    filter="completed"
  >
    Completed
  </FilterLink>
   
  <FilterLink
    filter="active"
  >
    Active
  </FilterLink>
  <h2>
    This is random number: 
    10
  </h2>
</p>
`;
